// Jest Snapshot v1, https://goo.gl/fbAQLP

exports[`Test Store Profile view should render without failure 1`] = `
Object {
  "asFragment": [Function],
  "baseElement": <body>
    <div>
      <div
        class="p-4 border rounded ml-auto mr-auto"
        style="max-width: 400px;"
      >
        <div
          class="flex justify-center bg-black"
        >
          <img
            alt="avatar"
            src="default-avatar.png"
            width="100%"
          />
        </div>
        <div
          class="mt-8 font-bold"
        >
          STORE INFO
        </div>
        <div
          class="flex justify-start mt-2"
        >
          <div
            class="opacity-50"
            style="width: 200px;"
          >
            Name
          </div>
          <div
            id="store-name"
          >
            KOI
          </div>
        </div>
        <div
          class="flex justify-start mt-2"
        >
          <div
            class="opacity-50"
            style="width: 200px;"
          >
            Address
          </div>
          <div
            id="store-address"
          >
            521 Ho Tung Mau
          </div>
        </div>
        <div
          class="flex justify-start mt-2"
        >
          <div
            class="opacity-50"
            style="width: 200px;"
          >
            Phone #
          </div>
          <div
            id="store-phone"
          >
            1234567890
          </div>
        </div>
        <div
          class="mt-8 font-bold"
        >
          RED INVOICE INFO
        </div>
        <div
          class="flex justify-start mt-2"
        >
          <div
            class="opacity-50"
            style="width: 200px;"
          >
            Name
          </div>
          <div
            id="company-name"
          >
            KOI
          </div>
        </div>
        <div
          class="flex justify-start mt-2"
        >
          <div
            class="opacity-50"
            style="width: 200px;"
          >
            Address
          </div>
          <div
            id="company-address"
          >
            123
          </div>
        </div>
        <div
          class="flex justify-start mt-2"
        >
          <div
            class="opacity-50"
            style="width: 200px;"
          >
            Tax Code
          </div>
          <div
            id="company-tax-code"
          >
            123
          </div>
        </div>
        <div>
          <button
            class="ant-btn w-full mt-8 ant-btn-default"
            type="button"
          >
            <span>
              Edit Profile
            </span>
          </button>
        </div>
      </div>
    </div>
  </body>,
  "container": <div>
    <div
      class="p-4 border rounded ml-auto mr-auto"
      style="max-width: 400px;"
    >
      <div
        class="flex justify-center bg-black"
      >
        <img
          alt="avatar"
          src="default-avatar.png"
          width="100%"
        />
      </div>
      <div
        class="mt-8 font-bold"
      >
        STORE INFO
      </div>
      <div
        class="flex justify-start mt-2"
      >
        <div
          class="opacity-50"
          style="width: 200px;"
        >
          Name
        </div>
        <div
          id="store-name"
        >
          KOI
        </div>
      </div>
      <div
        class="flex justify-start mt-2"
      >
        <div
          class="opacity-50"
          style="width: 200px;"
        >
          Address
        </div>
        <div
          id="store-address"
        >
          521 Ho Tung Mau
        </div>
      </div>
      <div
        class="flex justify-start mt-2"
      >
        <div
          class="opacity-50"
          style="width: 200px;"
        >
          Phone #
        </div>
        <div
          id="store-phone"
        >
          1234567890
        </div>
      </div>
      <div
        class="mt-8 font-bold"
      >
        RED INVOICE INFO
      </div>
      <div
        class="flex justify-start mt-2"
      >
        <div
          class="opacity-50"
          style="width: 200px;"
        >
          Name
        </div>
        <div
          id="company-name"
        >
          KOI
        </div>
      </div>
      <div
        class="flex justify-start mt-2"
      >
        <div
          class="opacity-50"
          style="width: 200px;"
        >
          Address
        </div>
        <div
          id="company-address"
        >
          123
        </div>
      </div>
      <div
        class="flex justify-start mt-2"
      >
        <div
          class="opacity-50"
          style="width: 200px;"
        >
          Tax Code
        </div>
        <div
          id="company-tax-code"
        >
          123
        </div>
      </div>
      <div>
        <button
          class="ant-btn w-full mt-8 ant-btn-default"
          type="button"
        >
          <span>
            Edit Profile
          </span>
        </button>
      </div>
    </div>
  </div>,
  "debug": [Function],
  "findAllByAltText": [Function],
  "findAllByDisplayValue": [Function],
  "findAllByLabelText": [Function],
  "findAllByPlaceholderText": [Function],
  "findAllByRole": [Function],
  "findAllByTestId": [Function],
  "findAllByText": [Function],
  "findAllByTitle": [Function],
  "findByAltText": [Function],
  "findByDisplayValue": [Function],
  "findByLabelText": [Function],
  "findByPlaceholderText": [Function],
  "findByRole": [Function],
  "findByTestId": [Function],
  "findByText": [Function],
  "findByTitle": [Function],
  "getAllByAltText": [Function],
  "getAllByDisplayValue": [Function],
  "getAllByLabelText": [Function],
  "getAllByPlaceholderText": [Function],
  "getAllByRole": [Function],
  "getAllByTestId": [Function],
  "getAllByText": [Function],
  "getAllByTitle": [Function],
  "getByAltText": [Function],
  "getByDisplayValue": [Function],
  "getByLabelText": [Function],
  "getByPlaceholderText": [Function],
  "getByRole": [Function],
  "getByTestId": [Function],
  "getByText": [Function],
  "getByTitle": [Function],
  "queryAllByAltText": [Function],
  "queryAllByDisplayValue": [Function],
  "queryAllByLabelText": [Function],
  "queryAllByPlaceholderText": [Function],
  "queryAllByRole": [Function],
  "queryAllByTestId": [Function],
  "queryAllByText": [Function],
  "queryAllByTitle": [Function],
  "queryByAltText": [Function],
  "queryByDisplayValue": [Function],
  "queryByLabelText": [Function],
  "queryByPlaceholderText": [Function],
  "queryByRole": [Function],
  "queryByTestId": [Function],
  "queryByText": [Function],
  "queryByTitle": [Function],
  "rerender": [Function],
  "unmount": [Function],
}
`;
